<?xml version="1.0" encoding="UTF-8"?>
<testsuites name="jest tests" tests="4" failures="0" errors="0" time="5.876">
  <testsuite name="undefined" errors="0" failures="0" skipped="0" timestamp="2023-03-29T10:18:35" time="3.124" tests="4">
    <testcase classname=" Initial articles render correctly" name=" Initial articles render correctly" time="0.055">
    </testcase>
    <testcase classname=" Clicking on top renders expected articles" name=" Clicking on top renders expected articles" time="0.027">
    </testcase>
    <testcase classname=" Clicking on newest renders expected articles" name=" Clicking on newest renders expected articles" time="0.015">
    </testcase>
    <testcase classname=" Sequence of navigation clicks renders expected artices" name=" Sequence of navigation clicks renders expected artices" time="0.039">
    </testcase>
  </testsuite>
</testsuites>